[2026-06-21 15:29:54] === server started ===
[2026-06-21 15:29:54] maze generated (20x20)
[2026-06-21 15:29:54] listening on port 1234
[2026-06-21 15:30:00] server terminated by signal
[2026-06-21 15:31:30] === server started ===
[2026-06-21 15:31:30] maze generated (20x20)
[2026-06-21 15:31:30] listening on port 12345
[2026-06-21 15:31:46] new connection from 127.0.0.1:45150
[2026-06-21 15:31:58] new connection from 127.0.0.1:34672
[2026-06-21 15:32:04] new connection from 127.0.0.1:60906
[2026-06-21 15:32:13] new connection from 127.0.0.1:57150
[2026-06-21 15:32:16] REGISTER nick=mario from 127.0.0.1
[2026-06-21 15:32:16] LOGIN nick=mario from 127.0.0.1
[2026-06-21 15:32:26] GLOBAL_MAP sent to nick=mario
[2026-06-21 15:32:36] GLOBAL_MAP sent to nick=mario
[2026-06-21 15:32:43] COLLECT nick=mario score=1 pos=(11,16)
[2026-06-21 15:32:46] GLOBAL_MAP sent to nick=mario
[2026-06-21 15:32:53] COLLECT nick=mario score=2 pos=(8,8)
[2026-06-21 15:32:56] GLOBAL_MAP sent to nick=mario
[2026-06-21 15:33:03] COLLECT nick=mario score=3 pos=(14,11)
[2026-06-21 15:33:06] GLOBAL_MAP sent to nick=mario
[2026-06-21 15:33:07] DISCONNECT nick=mario
[2026-06-21 15:40:26] server terminated by signal
[2026-07-20 15:33:59] === server started ===
[2026-07-20 15:33:59] maze generated (20x20)
[2026-07-20 15:33:59] listening on port 5000
[2026-07-20 15:35:10] new connection from 127.0.0.1:38542
[2026-07-20 15:35:21] LOGIN nick=mario from 127.0.0.1
[2026-07-20 15:35:31] GLOBAL_MAP sent to nick=mario
[2026-07-20 15:35:41] GLOBAL_MAP sent to nick=mario
[2026-07-20 15:35:51] GLOBAL_MAP sent to nick=mario
[2026-07-20 15:35:52] COLLECT nick=mario score=1 pos=(8,0)
[2026-07-20 15:35:53] COLLECT nick=mario score=2 pos=(6,0)
[2026-07-20 15:36:01] GLOBAL_MAP sent to nick=mario
[2026-07-20 15:36:11] GLOBAL_MAP sent to nick=mario
[2026-07-20 15:36:21] GLOBAL_MAP sent to nick=mario
[2026-07-20 15:36:31] GLOBAL_MAP sent to nick=mario
[2026-07-20 15:36:37] COLLECT nick=mario score=3 pos=(0,5)
[2026-07-20 15:36:41] GLOBAL_MAP sent to nick=mario
[2026-07-20 15:36:50] COLLECT nick=mario score=4 pos=(5,6)
[2026-07-20 15:36:51] GLOBAL_MAP sent to nick=mario
[2026-07-20 15:37:01] GLOBAL_MAP sent to nick=mario
[2026-07-20 15:37:11] GLOBAL_MAP sent to nick=mario
[2026-07-20 15:37:21] GLOBAL_MAP sent to nick=mario
[2026-07-20 15:37:22] COLLECT nick=mario score=5 pos=(10,12)
[2026-07-20 15:37:31] GLOBAL_MAP sent to nick=mario
[2026-07-20 15:37:41] GLOBAL_MAP sent to nick=mario
[2026-07-20 15:37:51] GLOBAL_MAP sent to nick=mario
[2026-07-20 15:38:01] GLOBAL_MAP sent to nick=mario
[2026-07-20 15:38:11] GLOBAL_MAP sent to nick=mario
[2026-07-20 15:38:19] EXIT nick=mario score=5
[2026-07-20 15:38:19] DISCONNECT nick=mario
[2026-07-20 15:38:40] server terminated by signal
[2026-07-20 15:45:26] === server started ===
[2026-07-20 15:45:26] maze generated (20x20)
[2026-07-20 15:45:26] listening on port 5000
[2026-07-20 15:45:36] new connection from 127.0.0.1:45760
[2026-07-20 15:45:42] LOGIN nick=mario from 127.0.0.1
[2026-07-20 15:45:52] GLOBAL_MAP sent to nick=mario
[2026-07-20 15:46:02] new connection from 127.0.0.1:35454
[2026-07-20 15:46:02] GLOBAL_MAP sent to nick=mario
[2026-07-20 15:46:06] LOGIN nick=mario from 127.0.0.1
[2026-07-20 15:46:13] GLOBAL_MAP sent to nick=mario
[2026-07-20 15:46:16] GLOBAL_MAP sent to nick=mario
[2026-07-20 15:46:23] GLOBAL_MAP sent to nick=mario
[2026-07-20 15:46:26] GLOBAL_MAP sent to nick=mario
[2026-07-20 15:46:33] GLOBAL_MAP sent to nick=mario
[2026-07-20 15:46:36] GLOBAL_MAP sent to nick=mario
[2026-07-20 15:46:43] GLOBAL_MAP sent to nick=mario
[2026-07-20 15:46:46] GLOBAL_MAP sent to nick=mario
[2026-07-20 15:46:53] GLOBAL_MAP sent to nick=mario
[2026-07-20 15:46:56] GLOBAL_MAP sent to nick=mario
[2026-07-20 15:47:03] GLOBAL_MAP sent to nick=mario
[2026-07-20 15:47:06] GLOBAL_MAP sent to nick=mario
[2026-07-20 15:47:13] GLOBAL_MAP sent to nick=mario
[2026-07-20 15:47:16] GLOBAL_MAP sent to nick=mario
[2026-07-20 15:47:23] GLOBAL_MAP sent to nick=mario
[2026-07-20 15:47:26] GLOBAL_MAP sent to nick=mario
[2026-07-20 15:47:33] GLOBAL_MAP sent to nick=mario
[2026-07-20 15:47:36] GLOBAL_MAP sent to nick=mario
[2026-07-20 15:47:43] GLOBAL_MAP sent to nick=mario
[2026-07-20 15:47:46] GLOBAL_MAP sent to nick=mario
[2026-07-20 15:47:53] GLOBAL_MAP sent to nick=mario
[2026-07-20 15:47:56] GLOBAL_MAP sent to nick=mario
[2026-07-20 15:48:03] GLOBAL_MAP sent to nick=mario
[2026-07-20 15:48:06] GLOBAL_MAP sent to nick=mario
[2026-07-20 15:48:13] GLOBAL_MAP sent to nick=mario
[2026-07-20 15:48:16] GLOBAL_MAP sent to nick=mario
[2026-07-20 15:48:23] GLOBAL_MAP sent to nick=mario
[2026-07-20 15:48:26] GLOBAL_MAP sent to nick=mario
[2026-07-20 15:48:33] GLOBAL_MAP sent to nick=mario
[2026-07-20 15:48:36] GLOBAL_MAP sent to nick=mario
[2026-07-20 15:48:43] GLOBAL_MAP sent to nick=mario
[2026-07-20 15:48:46] GLOBAL_MAP sent to nick=mario
[2026-07-20 15:48:53] GLOBAL_MAP sent to nick=mario
[2026-07-20 15:48:56] GLOBAL_MAP sent to nick=mario
[2026-07-20 15:49:03] GLOBAL_MAP sent to nick=mario
[2026-07-20 15:49:06] GLOBAL_MAP sent to nick=mario
[2026-07-20 15:49:13] GLOBAL_MAP sent to nick=mario
[2026-07-20 15:49:16] GLOBAL_MAP sent to nick=mario
[2026-07-20 15:49:23] GLOBAL_MAP sent to nick=mario
[2026-07-20 15:49:24] DISCONNECT nick=mario
[2026-07-20 15:49:33] GLOBAL_MAP sent to nick=mario
[2026-07-20 15:49:43] GLOBAL_MAP sent to nick=mario
[2026-07-20 15:49:53] GLOBAL_MAP sent to nick=mario
[2026-07-20 15:50:03] GLOBAL_MAP sent to nick=mario
[2026-07-20 15:50:13] GLOBAL_MAP sent to nick=mario
[2026-07-20 15:50:23] GLOBAL_MAP sent to nick=mario
[2026-07-20 15:50:33] GLOBAL_MAP sent to nick=mario
[2026-07-20 15:50:43] GLOBAL_MAP sent to nick=mario
[2026-07-20 15:50:53] GLOBAL_MAP sent to nick=mario
[2026-07-20 15:51:03] GLOBAL_MAP sent to nick=mario
[2026-07-20 15:51:13] GLOBAL_MAP sent to nick=mario
[2026-07-20 15:51:23] GLOBAL_MAP sent to nick=mario
[2026-07-20 15:51:33] GLOBAL_MAP sent to nick=mario
[2026-07-20 15:51:43] GLOBAL_MAP sent to nick=mario
[2026-07-20 15:51:53] GLOBAL_MAP sent to nick=mario
[2026-07-20 15:52:03] GLOBAL_MAP sent to nick=mario
[2026-07-20 15:52:13] GLOBAL_MAP sent to nick=mario
[2026-07-20 15:52:23] GLOBAL_MAP sent to nick=mario
[2026-07-20 15:52:33] GLOBAL_MAP sent to nick=mario
[2026-07-20 15:52:43] GLOBAL_MAP sent to nick=mario
[2026-07-20 15:52:53] GLOBAL_MAP sent to nick=mario
[2026-07-20 15:53:03] GLOBAL_MAP sent to nick=mario
[2026-07-20 15:53:13] GLOBAL_MAP sent to nick=mario
[2026-07-20 15:53:23] GLOBAL_MAP sent to nick=mario
[2026-07-20 15:53:33] GLOBAL_MAP sent to nick=mario
[2026-07-20 15:53:43] GLOBAL_MAP sent to nick=mario
[2026-07-20 15:53:53] GLOBAL_MAP sent to nick=mario
[2026-07-20 15:54:03] GLOBAL_MAP sent to nick=mario
[2026-07-20 15:54:13] GLOBAL_MAP sent to nick=mario
[2026-07-20 15:54:23] GLOBAL_MAP sent to nick=mario
[2026-07-20 15:54:33] GLOBAL_MAP sent to nick=mario
[2026-07-20 15:54:43] GLOBAL_MAP sent to nick=mario
[2026-07-20 15:54:53] GLOBAL_MAP sent to nick=mario
[2026-07-20 15:55:03] GLOBAL_MAP sent to nick=mario
[2026-07-20 15:55:13] GLOBAL_MAP sent to nick=mario
[2026-07-20 15:55:23] GLOBAL_MAP sent to nick=mario
[2026-07-20 15:55:33] GLOBAL_MAP sent to nick=mario
[2026-07-20 15:55:43] GLOBAL_MAP sent to nick=mario
[2026-07-20 15:55:53] GLOBAL_MAP sent to nick=mario
[2026-07-20 15:56:03] GLOBAL_MAP sent to nick=mario
[2026-07-20 15:56:13] GLOBAL_MAP sent to nick=mario
[2026-07-20 15:56:23] GLOBAL_MAP sent to nick=mario
[2026-07-20 15:56:33] GLOBAL_MAP sent to nick=mario
[2026-07-20 15:56:43] GLOBAL_MAP sent to nick=mario
[2026-07-20 15:56:53] GLOBAL_MAP sent to nick=mario
[2026-07-20 15:57:03] GLOBAL_MAP sent to nick=mario
[2026-07-20 15:57:13] GLOBAL_MAP sent to nick=mario
[2026-07-20 15:57:23] GLOBAL_MAP sent to nick=mario
[2026-07-20 15:57:33] GLOBAL_MAP sent to nick=mario
[2026-07-20 15:57:43] GLOBAL_MAP sent to nick=mario
[2026-07-20 15:57:53] GLOBAL_MAP sent to nick=mario
[2026-07-20 15:58:03] GLOBAL_MAP sent to nick=mario
[2026-07-20 15:58:13] GLOBAL_MAP sent to nick=mario
[2026-07-20 15:58:23] GLOBAL_MAP sent to nick=mario
[2026-07-20 15:58:33] GLOBAL_MAP sent to nick=mario
[2026-07-20 15:58:43] GLOBAL_MAP sent to nick=mario
[2026-07-20 15:58:53] GLOBAL_MAP sent to nick=mario
[2026-07-20 15:59:03] GLOBAL_MAP sent to nick=mario
[2026-07-20 15:59:13] GLOBAL_MAP sent to nick=mario
[2026-07-20 15:59:23] GLOBAL_MAP sent to nick=mario
[2026-07-20 15:59:33] GLOBAL_MAP sent to nick=mario
[2026-07-20 15:59:43] GLOBAL_MAP sent to nick=mario
[2026-07-20 15:59:53] GLOBAL_MAP sent to nick=mario
[2026-07-20 16:00:03] GLOBAL_MAP sent to nick=mario
[2026-07-20 16:00:13] GLOBAL_MAP sent to nick=mario
[2026-07-20 16:00:23] GLOBAL_MAP sent to nick=mario
[2026-07-20 16:00:33] GLOBAL_MAP sent to nick=mario
[2026-07-20 16:00:43] GLOBAL_MAP sent to nick=mario
[2026-07-20 16:00:53] GLOBAL_MAP sent to nick=mario
[2026-07-20 16:01:03] GLOBAL_MAP sent to nick=mario
[2026-07-20 16:01:13] GLOBAL_MAP sent to nick=mario
[2026-07-20 16:01:23] GLOBAL_MAP sent to nick=mario
[2026-07-20 16:01:33] GLOBAL_MAP sent to nick=mario
[2026-07-20 16:01:43] GLOBAL_MAP sent to nick=mario
[2026-07-20 16:01:53] GLOBAL_MAP sent to nick=mario
[2026-07-20 16:02:03] GLOBAL_MAP sent to nick=mario
[2026-07-20 16:02:13] GLOBAL_MAP sent to nick=mario
[2026-07-20 16:02:23] GLOBAL_MAP sent to nick=mario
[2026-07-20 16:02:33] GLOBAL_MAP sent to nick=mario
[2026-07-20 16:02:43] GLOBAL_MAP sent to nick=mario
[2026-07-20 16:02:53] GLOBAL_MAP sent to nick=mario
[2026-07-20 16:03:03] GLOBAL_MAP sent to nick=mario
[2026-07-20 16:03:13] GLOBAL_MAP sent to nick=mario
[2026-07-20 16:03:23] GLOBAL_MAP sent to nick=mario
[2026-07-20 16:03:33] GLOBAL_MAP sent to nick=mario
[2026-07-20 16:03:43] GLOBAL_MAP sent to nick=mario
[2026-07-20 16:03:53] GLOBAL_MAP sent to nick=mario
[2026-07-20 16:04:03] GLOBAL_MAP sent to nick=mario
[2026-07-20 16:04:13] GLOBAL_MAP sent to nick=mario
[2026-07-20 16:04:23] GLOBAL_MAP sent to nick=mario
[2026-07-20 16:04:33] GLOBAL_MAP sent to nick=mario
[2026-07-20 16:04:43] GLOBAL_MAP sent to nick=mario
[2026-07-20 16:04:54] GLOBAL_MAP sent to nick=mario
[2026-07-20 16:05:04] GLOBAL_MAP sent to nick=mario
[2026-07-20 16:05:14] GLOBAL_MAP sent to nick=mario
[2026-07-20 16:05:24] GLOBAL_MAP sent to nick=mario
[2026-07-20 16:05:34] GLOBAL_MAP sent to nick=mario
[2026-07-20 16:05:44] GLOBAL_MAP sent to nick=mario
[2026-07-20 16:05:54] GLOBAL_MAP sent to nick=mario
[2026-07-20 16:06:04] GLOBAL_MAP sent to nick=mario
[2026-07-20 16:06:14] GLOBAL_MAP sent to nick=mario
[2026-07-20 16:06:24] GLOBAL_MAP sent to nick=mario
[2026-07-20 16:06:34] GLOBAL_MAP sent to nick=mario
[2026-07-20 16:06:44] GLOBAL_MAP sent to nick=mario
[2026-07-20 16:06:54] GLOBAL_MAP sent to nick=mario
[2026-07-20 16:07:04] GLOBAL_MAP sent to nick=mario
[2026-07-20 16:07:14] GLOBAL_MAP sent to nick=mario
[2026-07-20 16:07:24] GLOBAL_MAP sent to nick=mario
[2026-07-20 16:07:34] GLOBAL_MAP sent to nick=mario
[2026-07-20 16:07:44] GLOBAL_MAP sent to nick=mario
[2026-07-20 16:07:54] GLOBAL_MAP sent to nick=mario
[2026-07-20 16:08:04] GLOBAL_MAP sent to nick=mario
[2026-07-20 16:08:14] GLOBAL_MAP sent to nick=mario
[2026-07-20 16:08:24] GLOBAL_MAP sent to nick=mario
[2026-07-20 16:08:34] GLOBAL_MAP sent to nick=mario
[2026-07-20 16:08:44] GLOBAL_MAP sent to nick=mario
[2026-07-20 16:08:54] GLOBAL_MAP sent to nick=mario
[2026-07-20 16:09:04] GLOBAL_MAP sent to nick=mario
[2026-07-20 16:09:14] GLOBAL_MAP sent to nick=mario
[2026-07-20 16:09:24] GLOBAL_MAP sent to nick=mario
[2026-07-20 16:09:34] GLOBAL_MAP sent to nick=mario
[2026-07-20 16:09:44] GLOBAL_MAP sent to nick=mario
[2026-07-20 16:09:54] GLOBAL_MAP sent to nick=mario
[2026-07-20 16:10:04] GLOBAL_MAP sent to nick=mario
[2026-07-20 16:10:14] GLOBAL_MAP sent to nick=mario
[2026-07-20 16:10:24] GLOBAL_MAP sent to nick=mario
[2026-07-20 16:10:34] GLOBAL_MAP sent to nick=mario
[2026-07-20 16:10:44] GLOBAL_MAP sent to nick=mario
[2026-07-20 16:10:54] GLOBAL_MAP sent to nick=mario
[2026-07-20 16:11:04] GLOBAL_MAP sent to nick=mario
[2026-07-20 16:11:14] GLOBAL_MAP sent to nick=mario
[2026-07-20 16:11:24] GLOBAL_MAP sent to nick=mario
[2026-07-20 16:11:34] GLOBAL_MAP sent to nick=mario
[2026-07-20 16:11:44] GLOBAL_MAP sent to nick=mario
[2026-07-20 16:11:54] GLOBAL_MAP sent to nick=mario
[2026-07-20 16:12:04] GLOBAL_MAP sent to nick=mario
[2026-07-20 16:12:14] GLOBAL_MAP sent to nick=mario
[2026-07-20 16:12:24] GLOBAL_MAP sent to nick=mario
[2026-07-20 16:12:34] GLOBAL_MAP sent to nick=mario
[2026-07-20 16:12:44] GLOBAL_MAP sent to nick=mario
[2026-07-20 16:12:54] GLOBAL_MAP sent to nick=mario
[2026-07-20 16:13:04] GLOBAL_MAP sent to nick=mario
[2026-07-20 16:13:14] GLOBAL_MAP sent to nick=mario
[2026-07-20 16:13:24] GLOBAL_MAP sent to nick=mario
[2026-07-20 16:13:34] GLOBAL_MAP sent to nick=mario
[2026-07-20 16:13:44] GLOBAL_MAP sent to nick=mario
[2026-07-20 16:13:54] GLOBAL_MAP sent to nick=mario
[2026-07-20 16:14:04] GLOBAL_MAP sent to nick=mario
[2026-07-20 16:14:14] GLOBAL_MAP sent to nick=mario
[2026-07-20 16:14:24] GLOBAL_MAP sent to nick=mario
[2026-07-20 16:14:34] GLOBAL_MAP sent to nick=mario
[2026-07-20 16:14:44] GLOBAL_MAP sent to nick=mario
[2026-07-20 16:14:54] GLOBAL_MAP sent to nick=mario
[2026-07-20 16:14:55] DISCONNECT nick=mario
[2026-07-20 17:21:18] === server started ===
[2026-07-20 17:21:18] maze generated (20x20)
[2026-07-20 17:21:18] listening on port 5000
[2026-07-20 17:21:36] new connection from 127.0.0.1:36942
[2026-07-20 17:21:41] LOGIN nick=mario from 127.0.0.1
[2026-07-20 17:21:44] new connection from 127.0.0.1:42702
[2026-07-20 17:21:48] REGISTER nick=luca from 127.0.0.1
[2026-07-20 17:21:48] LOGIN nick=luca from 127.0.0.1
[2026-07-20 17:21:51] GLOBAL_MAP sent to nick=mario
[2026-07-20 17:21:58] GLOBAL_MAP sent to nick=luca
[2026-07-20 17:22:01] GLOBAL_MAP sent to nick=mario
[2026-07-20 17:22:08] GLOBAL_MAP sent to nick=luca
[2026-07-20 17:22:11] GLOBAL_MAP sent to nick=mario
[2026-07-20 17:22:15] DISCONNECT nick=mario
[2026-07-20 17:22:18] GLOBAL_MAP sent to nick=luca
[2026-07-20 17:22:28] GLOBAL_MAP sent to nick=luca
[2026-07-20 17:22:38] COLLECT nick=luca score=1 pos=(11,14)
[2026-07-20 17:22:38] GLOBAL_MAP sent to nick=luca
[2026-07-20 17:22:48] GLOBAL_MAP sent to nick=luca
[2026-07-20 17:22:58] GLOBAL_MAP sent to nick=luca
[2026-07-20 17:23:08] GLOBAL_MAP sent to nick=luca
[2026-07-20 17:23:18] GLOBAL_MAP sent to nick=luca
[2026-07-20 17:23:20] DISCONNECT nick=luca
[2026-07-20 17:23:27] new connection from 127.0.0.1:56732
[2026-07-20 17:23:31] LOGIN nick=mario from 127.0.0.1
[2026-07-20 17:23:41] GLOBAL_MAP sent to nick=mario
[2026-07-20 17:23:51] GLOBAL_MAP sent to nick=mario
[2026-07-20 17:24:01] GLOBAL_MAP sent to nick=mario
[2026-07-20 17:24:11] GLOBAL_MAP sent to nick=mario
[2026-07-20 17:24:21] GLOBAL_MAP sent to nick=mario
[2026-07-20 17:24:31] GLOBAL_MAP sent to nick=mario
[2026-07-20 17:24:41] GLOBAL_MAP sent to nick=mario
[2026-07-20 17:24:51] GLOBAL_MAP sent to nick=mario
[2026-07-20 17:25:01] GLOBAL_MAP sent to nick=mario
[2026-07-20 17:25:11] GLOBAL_MAP sent to nick=mario
[2026-07-20 17:25:21] GLOBAL_MAP sent to nick=mario
[2026-07-20 17:25:31] GLOBAL_MAP sent to nick=mario
[2026-07-20 17:25:41] GLOBAL_MAP sent to nick=mario
[2026-07-20 17:25:51] GLOBAL_MAP sent to nick=mario
[2026-07-20 17:26:01] GLOBAL_MAP sent to nick=mario
[2026-07-20 17:26:11] GLOBAL_MAP sent to nick=mario
[2026-07-20 17:26:21] GLOBAL_MAP sent to nick=mario
[2026-07-20 17:26:31] GLOBAL_MAP sent to nick=mario
[2026-07-20 17:26:41] GLOBAL_MAP sent to nick=mario
[2026-07-20 17:26:51] GLOBAL_MAP sent to nick=mario
[2026-07-20 17:27:01] GLOBAL_MAP sent to nick=mario
[2026-07-20 17:27:11] GLOBAL_MAP sent to nick=mario
[2026-07-20 17:27:21] GLOBAL_MAP sent to nick=mario
[2026-07-20 17:27:31] GLOBAL_MAP sent to nick=mario
[2026-07-20 17:27:41] GLOBAL_MAP sent to nick=mario
[2026-07-20 17:27:51] GLOBAL_MAP sent to nick=mario
[2026-07-20 17:28:01] GLOBAL_MAP sent to nick=mario
[2026-07-20 17:28:11] GLOBAL_MAP sent to nick=mario
[2026-07-20 17:28:21] GLOBAL_MAP sent to nick=mario
[2026-07-20 17:28:31] GLOBAL_MAP sent to nick=mario
[2026-07-20 17:28:41] GLOBAL_MAP sent to nick=mario
[2026-07-20 17:28:51] GLOBAL_MAP sent to nick=mario
[2026-07-20 17:29:01] GLOBAL_MAP sent to nick=mario
[2026-07-20 17:29:11] GLOBAL_MAP sent to nick=mario
[2026-07-20 17:29:21] GLOBAL_MAP sent to nick=mario
[2026-07-20 17:29:31] GLOBAL_MAP sent to nick=mario
[2026-07-20 17:29:41] GLOBAL_MAP sent to nick=mario
[2026-07-20 17:29:51] GLOBAL_MAP sent to nick=mario
[2026-07-20 17:30:01] GLOBAL_MAP sent to nick=mario
[2026-07-20 17:30:11] GLOBAL_MAP sent to nick=mario
[2026-07-20 17:30:21] GLOBAL_MAP sent to nick=mario
[2026-07-20 17:30:31] GLOBAL_MAP sent to nick=mario
[2026-07-20 17:30:41] GLOBAL_MAP sent to nick=mario
[2026-07-20 17:30:51] GLOBAL_MAP sent to nick=mario
[2026-07-20 17:31:01] GLOBAL_MAP sent to nick=mario
[2026-07-20 17:31:11] GLOBAL_MAP sent to nick=mario
[2026-07-20 17:31:21] GLOBAL_MAP sent to nick=mario
[2026-07-20 17:31:31] GLOBAL_MAP sent to nick=mario
[2026-07-20 17:31:42] GLOBAL_MAP sent to nick=mario
[2026-07-20 17:31:52] GLOBAL_MAP sent to nick=mario
[2026-07-20 17:32:02] GLOBAL_MAP sent to nick=mario
[2026-07-20 17:32:12] GLOBAL_MAP sent to nick=mario
[2026-07-20 17:32:22] GLOBAL_MAP sent to nick=mario
[2026-07-20 17:32:32] GLOBAL_MAP sent to nick=mario
[2026-07-20 17:32:42] GLOBAL_MAP sent to nick=mario
[2026-07-20 17:32:52] GLOBAL_MAP sent to nick=mario
[2026-07-20 17:33:02] GLOBAL_MAP sent to nick=mario
[2026-07-20 17:33:12] GLOBAL_MAP sent to nick=mario
[2026-07-20 17:33:22] GLOBAL_MAP sent to nick=mario
[2026-07-20 17:33:32] GLOBAL_MAP sent to nick=mario
[2026-07-20 17:33:42] GLOBAL_MAP sent to nick=mario
[2026-07-20 17:33:52] GLOBAL_MAP sent to nick=mario
[2026-07-20 17:34:02] GLOBAL_MAP sent to nick=mario
[2026-07-20 17:34:12] GLOBAL_MAP sent to nick=mario
[2026-07-20 17:34:22] GLOBAL_MAP sent to nick=mario
[2026-07-20 17:34:32] GLOBAL_MAP sent to nick=mario
[2026-07-20 17:34:42] GLOBAL_MAP sent to nick=mario
[2026-07-20 17:34:52] GLOBAL_MAP sent to nick=mario
[2026-07-20 17:35:02] GLOBAL_MAP sent to nick=mario
[2026-07-20 17:35:12] GLOBAL_MAP sent to nick=mario
[2026-07-20 17:35:22] GLOBAL_MAP sent to nick=mario
[2026-07-20 17:35:32] GLOBAL_MAP sent to nick=mario
[2026-07-20 17:35:42] GLOBAL_MAP sent to nick=mario
[2026-07-20 17:35:52] GLOBAL_MAP sent to nick=mario
[2026-07-20 17:36:02] GLOBAL_MAP sent to nick=mario
[2026-07-20 17:36:12] GLOBAL_MAP sent to nick=mario
[2026-07-20 17:36:22] GLOBAL_MAP sent to nick=mario
[2026-07-20 17:36:32] GLOBAL_MAP sent to nick=mario
[2026-07-20 17:36:42] GLOBAL_MAP sent to nick=mario
[2026-07-20 17:36:52] GLOBAL_MAP sent to nick=mario
[2026-07-20 17:37:02] GLOBAL_MAP sent to nick=mario
[2026-07-20 17:37:12] GLOBAL_MAP sent to nick=mario
[2026-07-20 17:37:22] GLOBAL_MAP sent to nick=mario
[2026-07-20 17:37:32] GLOBAL_MAP sent to nick=mario
[2026-07-20 17:37:42] GLOBAL_MAP sent to nick=mario
[2026-07-20 17:37:52] GLOBAL_MAP sent to nick=mario
[2026-07-20 17:38:02] GLOBAL_MAP sent to nick=mario
[2026-07-20 17:38:07] DISCONNECT nick=mario
[2026-07-21 16:10:58] === server started ===
[2026-07-21 16:10:58] maze generated (20x20)
[2026-07-21 16:10:58] listening on port 5000
[2026-07-21 16:11:26] new connection from 127.0.0.1:58318
[2026-07-21 16:11:47] server terminated by signal
[2026-07-21 16:14:07] === server started ===
[2026-07-21 16:14:07] maze generated (20x20)
[2026-07-21 16:14:07] listening on port 5000
[2026-07-21 16:14:28] new connection from 127.0.0.1:34304
[2026-07-21 16:14:32] LOGIN nick=mario from 127.0.0.1
[2026-07-21 16:14:41] new connection from 127.0.0.1:43592
[2026-07-21 16:14:42] GLOBAL_MAP sent to nick=mario
[2026-07-21 16:14:51] new connection from 127.0.0.1:34672
[2026-07-21 16:14:52] GLOBAL_MAP sent to nick=mario
[2026-07-21 16:15:00] new connection from 127.0.0.1:47390
[2026-07-21 16:15:02] GLOBAL_MAP sent to nick=mario
[2026-07-21 16:15:12] GLOBAL_MAP sent to nick=mario
[2026-07-21 16:15:22] new connection from 127.0.0.1:38524
[2026-07-21 16:15:22] GLOBAL_MAP sent to nick=mario
[2026-07-21 16:15:25] LOGIN nick=luca from 127.0.0.1
[2026-07-21 16:15:32] GLOBAL_MAP sent to nick=mario
[2026-07-21 16:15:35] GLOBAL_MAP sent to nick=luca
[2026-07-21 16:15:42] GLOBAL_MAP sent to nick=mario
[2026-07-21 16:15:45] GLOBAL_MAP sent to nick=luca
[2026-07-21 16:15:52] GLOBAL_MAP sent to nick=mario
[2026-07-21 16:15:55] GLOBAL_MAP sent to nick=luca
[2026-07-21 16:16:02] GLOBAL_MAP sent to nick=mario
[2026-07-21 16:16:05] GLOBAL_MAP sent to nick=luca
[2026-07-21 16:16:12] GLOBAL_MAP sent to nick=mario
[2026-07-21 16:16:15] GLOBAL_MAP sent to nick=luca
[2026-07-21 16:16:15] COLLECT nick=mario score=1 pos=(4,10)
[2026-07-21 16:16:22] GLOBAL_MAP sent to nick=mario
[2026-07-21 16:16:25] GLOBAL_MAP sent to nick=luca
[2026-07-21 16:16:32] GLOBAL_MAP sent to nick=mario
[2026-07-21 16:16:35] GLOBAL_MAP sent to nick=luca
[2026-07-21 16:16:42] GLOBAL_MAP sent to nick=mario
[2026-07-21 16:16:45] GLOBAL_MAP sent to nick=luca
[2026-07-21 16:16:52] GLOBAL_MAP sent to nick=mario
[2026-07-21 16:16:55] GLOBAL_MAP sent to nick=luca
[2026-07-21 16:17:02] GLOBAL_MAP sent to nick=mario
[2026-07-21 16:17:05] GLOBAL_MAP sent to nick=luca
[2026-07-21 16:17:12] GLOBAL_MAP sent to nick=mario
[2026-07-21 16:17:15] GLOBAL_MAP sent to nick=luca
[2026-07-21 16:17:22] GLOBAL_MAP sent to nick=mario
[2026-07-21 16:17:25] GLOBAL_MAP sent to nick=luca
[2026-07-21 16:17:32] GLOBAL_MAP sent to nick=mario
[2026-07-21 16:17:35] GLOBAL_MAP sent to nick=luca
[2026-07-21 16:17:42] GLOBAL_MAP sent to nick=mario
[2026-07-21 16:17:45] GLOBAL_MAP sent to nick=luca
[2026-07-21 16:17:52] GLOBAL_MAP sent to nick=mario
[2026-07-21 16:17:55] GLOBAL_MAP sent to nick=luca
[2026-07-21 16:18:02] GLOBAL_MAP sent to nick=mario
[2026-07-21 16:18:05] GLOBAL_MAP sent to nick=luca
[2026-07-21 16:18:12] GLOBAL_MAP sent to nick=mario
[2026-07-21 16:18:13] DISCONNECT nick=luca
[2026-07-21 16:18:22] GLOBAL_MAP sent to nick=mario
[2026-07-21 16:18:28] DISCONNECT nick=mario
[2026-07-21 16:18:35] new connection from 127.0.0.1:49888
[2026-07-21 16:18:37] new connection from 127.0.0.1:44590
[2026-07-21 16:18:46] new connection from 127.0.0.1:55346
[2026-07-21 16:18:49] LOGIN nick=mario from 127.0.0.1
[2026-07-21 16:18:57] LOGIN nick=luca from 127.0.0.1
[2026-07-21 16:18:59] GLOBAL_MAP sent to nick=mario
[2026-07-21 16:19:07] GLOBAL_MAP sent to nick=luca
[2026-07-21 16:19:09] GLOBAL_MAP sent to nick=mario
[2026-07-21 16:19:17] GLOBAL_MAP sent to nick=luca
[2026-07-21 16:19:19] GLOBAL_MAP sent to nick=mario
[2026-07-21 16:19:27] GLOBAL_MAP sent to nick=luca
[2026-07-21 16:19:29] GLOBAL_MAP sent to nick=mario
[2026-07-21 16:19:37] GLOBAL_MAP sent to nick=luca
[2026-07-21 16:19:39] GLOBAL_MAP sent to nick=mario
[2026-07-21 16:19:47] GLOBAL_MAP sent to nick=luca
[2026-07-21 16:19:49] GLOBAL_MAP sent to nick=mario
[2026-07-21 16:19:57] GLOBAL_MAP sent to nick=luca
[2026-07-21 16:19:59] GLOBAL_MAP sent to nick=mario
[2026-07-21 16:20:07] GLOBAL_MAP sent to nick=luca
[2026-07-21 16:20:09] GLOBAL_MAP sent to nick=mario
[2026-07-21 16:20:17] GLOBAL_MAP sent to nick=luca
[2026-07-21 16:20:19] GLOBAL_MAP sent to nick=mario
[2026-07-21 16:20:27] GLOBAL_MAP sent to nick=luca
[2026-07-21 16:20:29] GLOBAL_MAP sent to nick=mario
[2026-07-21 16:20:37] GLOBAL_MAP sent to nick=luca
[2026-07-21 16:20:39] GLOBAL_MAP sent to nick=mario
[2026-07-21 16:20:47] GLOBAL_MAP sent to nick=luca
[2026-07-21 16:20:49] GLOBAL_MAP sent to nick=mario
[2026-07-21 16:20:53] COLLECT nick=luca score=1 pos=(13,12)
[2026-07-21 16:20:57] GLOBAL_MAP sent to nick=luca
[2026-07-21 16:20:59] GLOBAL_MAP sent to nick=mario
[2026-07-21 16:21:07] GLOBAL_MAP sent to nick=luca
[2026-07-21 16:21:09] GLOBAL_MAP sent to nick=mario
[2026-07-21 16:21:17] GLOBAL_MAP sent to nick=luca
[2026-07-21 16:21:19] GLOBAL_MAP sent to nick=mario
[2026-07-21 16:21:27] GLOBAL_MAP sent to nick=luca
[2026-07-21 16:21:29] GLOBAL_MAP sent to nick=mario
[2026-07-21 16:21:35] COLLECT nick=luca score=2 pos=(0,18)
[2026-07-21 16:21:36] COLLECT nick=luca score=3 pos=(2,18)
[2026-07-21 16:21:37] GLOBAL_MAP sent to nick=luca
[2026-07-21 16:21:39] GLOBAL_MAP sent to nick=mario
[2026-07-21 16:21:47] GLOBAL_MAP sent to nick=luca
[2026-07-21 16:21:49] GLOBAL_MAP sent to nick=mario
[2026-07-21 16:21:57] GLOBAL_MAP sent to nick=luca
[2026-07-21 16:21:59] GLOBAL_MAP sent to nick=mario
[2026-07-21 16:22:07] GLOBAL_MAP sent to nick=luca
[2026-07-21 16:22:09] COLLECT nick=luca score=4 pos=(0,2)
[2026-07-21 16:22:09] GLOBAL_MAP sent to nick=mario
[2026-07-21 16:22:15] COLLECT nick=luca score=5 pos=(0,7)
[2026-07-21 16:22:17] GLOBAL_MAP sent to nick=luca
[2026-07-21 16:22:19] GLOBAL_MAP sent to nick=mario
[2026-07-21 16:22:24] DISCONNECT nick=mario
[2026-07-21 16:22:27] GLOBAL_MAP sent to nick=luca
[2026-07-21 16:22:36] COLLECT nick=luca score=6 pos=(8,2)
[2026-07-21 16:22:37] GLOBAL_MAP sent to nick=luca
[2026-07-21 16:22:47] COLLECT nick=luca score=7 pos=(15,0)
[2026-07-21 16:22:47] GLOBAL_MAP sent to nick=luca
[2026-07-21 16:22:47] COLLECT nick=luca score=8 pos=(14,0)
[2026-07-21 16:22:57] GLOBAL_MAP sent to nick=luca
[2026-07-21 16:23:07] GLOBAL_MAP sent to nick=luca
[2026-07-21 16:23:17] GLOBAL_MAP sent to nick=luca
[2026-07-21 16:23:27] GLOBAL_MAP sent to nick=luca
[2026-07-21 16:23:37] GLOBAL_MAP sent to nick=luca
[2026-07-21 16:23:47] GLOBAL_MAP sent to nick=luca
[2026-07-21 16:23:57] GLOBAL_MAP sent to nick=luca
[2026-07-21 16:24:07] GLOBAL_MAP sent to nick=luca
[2026-07-21 16:24:17] GLOBAL_MAP sent to nick=luca
[2026-07-21 16:24:27] GLOBAL_MAP sent to nick=luca
[2026-07-21 16:24:37] GLOBAL_MAP sent to nick=luca
[2026-07-21 16:24:47] GLOBAL_MAP sent to nick=luca
[2026-07-21 16:24:57] GLOBAL_MAP sent to nick=luca
[2026-07-21 16:25:07] GLOBAL_MAP sent to nick=luca
[2026-07-21 16:25:17] GLOBAL_MAP sent to nick=luca
[2026-07-21 16:25:27] GLOBAL_MAP sent to nick=luca
[2026-07-21 16:25:37] GLOBAL_MAP sent to nick=luca
[2026-07-21 16:25:47] GLOBAL_MAP sent to nick=luca
[2026-07-21 16:25:57] GLOBAL_MAP sent to nick=luca
[2026-07-21 16:26:00] EXIT nick=luca score=8
[2026-07-21 16:26:00] DISCONNECT nick=luca
[2026-07-22 11:01:21] === server started ===
[2026-07-22 11:01:21] maze generated (20x20)
[2026-07-22 11:01:21] listening on port 5000
[2026-07-22 11:01:31] new connection from 127.0.0.1:37164
[2026-07-22 11:01:35] LOGIN nick=mario from 127.0.0.1
[2026-07-22 11:01:52] new connection from 127.0.0.1:39232
[2026-07-22 11:01:57] new connection from 127.0.0.1:39246
[2026-07-22 11:02:02] LOGIN nick=luca from 127.0.0.1
[2026-07-22 11:02:52] DISCONNECT nick=luca
[2026-07-22 11:03:17] DISCONNECT nick=mario
[2026-07-22 12:00:51] new connection from 127.0.0.1:56472
[2026-07-22 12:00:55] LOGIN nick=luca from 127.0.0.1
[2026-07-22 12:00:55] GAME_END nick=luca msg=GAME_END WIN luca 0
[2026-07-22 12:00:55] DISCONNECT nick=luca
[2026-07-22 12:01:01] new connection from 127.0.0.1:34658
[2026-07-22 12:01:06] LOGIN nick=mario from 127.0.0.1
[2026-07-22 12:01:06] GAME_END nick=mario msg=GAME_END WIN mario 0
[2026-07-22 12:01:06] DISCONNECT nick=mario
[2026-07-22 12:03:17] server terminated by signal
[2026-07-22 12:27:26] === server started ===
[2026-07-22 12:27:26] maze generated (20x20)
[2026-07-22 12:27:26] listening on port 5000
[2026-07-22 12:27:36] new connection from 127.0.0.1:40868
[2026-07-22 12:27:38] LOGIN nick=mario from 127.0.0.1
[2026-07-22 12:27:59] new connection from 127.0.0.1:58974
[2026-07-22 12:28:03] LOGIN nick=luca from 127.0.0.1
[2026-07-22 12:28:42] COLLECT nick=mario score=1 pos=(3,0)
[2026-07-22 13:16:58] === server started ===
[2026-07-22 13:16:58] maze generated (20x20)
[2026-07-22 13:16:58] listening on port 5000
[2026-07-22 13:17:11] new connection from 127.0.0.1:60876
[2026-07-22 13:17:14] LOGIN nick=mario from 127.0.0.1
[2026-07-22 13:17:31] new connection from 127.0.0.1:37138
[2026-07-22 13:17:35] LOGIN nick=luca from 127.0.0.1
[2026-07-22 13:18:06] new connection from 127.0.0.1:47742
[2026-07-22 13:18:09] LOGIN nick=mario from 127.0.0.1
[2026-07-22 13:18:26] DISCONNECT nick=mario
[2026-07-22 13:18:26] GAME_END nick=luca msg=GAME_END WIN luca 0
[2026-07-22 13:18:26] DISCONNECT nick=luca
[2026-07-22 13:18:31] new connection from 127.0.0.1:43322
[2026-07-22 13:18:33] new connection from 127.0.0.1:45538
[2026-07-22 13:18:37] LOGIN nick=mario from 127.0.0.1
[2026-07-22 13:18:41] LOGIN nick=luca from 127.0.0.1
[2026-07-22 13:18:57] DISCONNECT nick=mario
[2026-07-22 13:18:57] GAME_END nick=luca msg=GAME_END WIN luca 0
[2026-07-22 13:18:57] DISCONNECT nick=luca
[2026-07-24 12:46:36] === server started ===
[2026-07-24 12:46:36] maze generated (20x20)
[2026-07-24 12:46:36] listening on port 5000
[2026-07-24 12:46:45] new connection from 127.0.0.1:37676
[2026-07-24 12:46:49] LOGIN nick=mario from 127.0.0.1
[2026-07-24 12:47:05] new connection from 127.0.0.1:40220
[2026-07-24 12:47:08] LOGIN nick=luca from 127.0.0.1
[2026-07-24 12:51:09] === server started ===
[2026-07-24 12:51:09] maze generated (20x20)
[2026-07-24 12:51:09] listening on port 5000
[2026-07-24 12:51:22] new connection from 127.0.0.1:33066
[2026-07-24 12:51:26] LOGIN nick=mario from 127.0.0.1
[2026-07-24 12:51:32] new connection from 127.0.0.1:60246
[2026-07-24 12:51:36] LOGIN nick=luca from 127.0.0.1
[2026-07-24 12:52:37] COLLECT nick=mario score=1 pos=(1,6)
[2026-07-24 12:55:28] DISCONNECT nick=mario
[2026-07-24 12:55:28] GAME_END nick=luca msg=GAME_END WIN luca 0
[2026-07-24 12:55:28] DISCONNECT nick=luca
[2026-07-24 12:56:05] server terminated by signal
[2026-07-24 12:56:38] === server started ===
[2026-07-24 12:56:38] maze generated (20x20)
[2026-07-24 12:56:38] listening on port 5000
[2026-07-24 12:56:45] new connection from 127.0.0.1:43790
[2026-07-24 12:56:47] LOGIN nick=mario from 127.0.0.1
[2026-07-24 12:56:55] new connection from 127.0.0.1:34696
[2026-07-24 12:56:58] LOGIN nick=mario from 127.0.0.1
[2026-07-24 12:59:05] DISCONNECT nick=mario
[2026-07-24 12:59:05] GAME_END nick=mario msg=GAME_END WIN mario 0
[2026-07-24 12:59:05] DISCONNECT nick=mario
[2026-07-24 13:01:09] === server started ===
[2026-07-24 13:01:09] maze generated (20x20)
[2026-07-24 13:01:09] listening on port 5000
[2026-07-24 13:01:17] new connection from 127.0.0.1:53472
[2026-07-24 13:01:19] LOGIN nick=mario from 127.0.0.1
[2026-07-24 13:01:28] new connection from 127.0.0.1:42528
[2026-07-24 13:01:32] LOGIN nick=luca from 127.0.0.1
[2026-07-24 13:23:22] DISCONNECT nick=luca
[2026-07-24 13:23:24] DISCONNECT nick=mario
[2026-07-24 13:23:43] === server started ===
[2026-07-24 13:23:43] maze generated (20x20)
[2026-07-24 13:23:43] listening on port 5000
[2026-07-24 13:23:50] new connection from 127.0.0.1:60868
[2026-07-24 13:23:57] new connection from 127.0.0.1:42634
[2026-07-24 13:24:01] LOGIN nick=mario from 127.0.0.1
[2026-07-24 13:24:05] LOGIN nick=luca from 127.0.0.1
[2026-07-24 13:28:43] GAME_END nick=mario msg=GAME_END DRAW 0
[2026-07-24 13:28:43] DISCONNECT nick=mario
[2026-07-24 13:28:43] GAME_END nick=luca msg=GAME_END WIN luca 0
[2026-07-24 13:28:43] DISCONNECT nick=luca
[2026-07-26 15:21:43] === server started ===
[2026-07-26 15:21:43] maze generated (20x20)
[2026-07-26 15:21:43] listening on port 5000
[2026-07-26 15:21:53] new connection from 127.0.0.1:57942
[2026-07-26 15:22:01] new connection from 127.0.0.1:53692
[2026-07-26 15:22:04] LOGIN nick=mario from 127.0.0.1
